{
  "rules": {
    "BABA": [
      {
        "object": "YOU",
        "subject": "BABA",
        "verb": "IS"
      }
    ],
    "FLAG": [
      {
        "object": "WIN",
        "subject": "FLAG",
        "verb": "IS"
      }
    ],
    "ROCK": [
      {
        "object": "PUSH",
        "subject": "ROCK",
        "verb": "IS"
      }
    ],
    "WALL": [
      {
        "object": "STOP",
        "subject": "WALL",
        "verb": "IS"
      }
    ]
  },
  "levelId": 0,
  "levelName": "baba_is_you",
  "levelSize": [
    33,
    18
  ],
  "levelCompleted": false,
  "blocks": {
    "BABA": [
      {
        "x": 13,
        "y": 12
      }
    ],
    "FLAG": [
      {
        "x": 20,
        "y": 10
      }
    ],
    "TEXT_BABA": [
      {
        "x": 11,
        "y": 6
      }
    ],
    "PUSH": [
      {
        "x": 21,
        "y": 14
      }
    ],
    "TEXT_FLAG": [
      {
        "x": 19,
        "y": 6
      }
    ],
    "STOP": [
      {
        "x": 13,
        "y": 14
      }
    ],
    "WALL": [
      {
        "x": 11,
        "y": 8
      },
      {
        "x": 11,
        "y": 12
      },
      {
        "x": 12,
        "y": 8
      },
      {
        "x": 12,
        "y": 12
      },
      {
        "x": 13,
        "y": 8
      },
      {
        "x": 13,
        "y": 12
      },
      {
        "x": 14,
        "y": 8
      },
      {
        "x": 14,
        "y": 12
      },
      {
        "x": 15,
        "y": 8
      },
      {
        "x": 15,
        "y": 12
      },
      {
        "x": 16,
        "y": 8
      },
      {
        "x": 16,
        "y": 12
      },
      {
        "x": 17,
        "y": 8
      },
      {
        "x": 17,
        "y": 12
      },
      {
        "x": 18,
        "y": 8
      },
      {
        "x": 18,
        "y": 12
      },
      {
        "x": 19,
        "y": 8
      },
      {
        "x": 19,
        "y": 12
      },
      {
        "x": 20,
        "y": 8
      },
      {
        "x": 20,
        "y": 12
      },
      {
        "x": 21,
        "y": 8
      },
      {
        "x": 21,
        "y": 12
      }
    ],
    "IS": [
      {
        "x": 12,
        "y": 6
      },
      {
        "x": 12,
        "y": 14
      },
      {
        "x": 20,
        "y": 6
      },
      {
        "x": 20,
        "y": 14
      }
    ],
    "ROCK": [
      {
        "x": 16,
        "y": 9
      },
      {
        "x": 16,
        "y": 10
      },
      {
        "x": 16,
        "y": 11
      }
    ],
    "TEXT_ROCK": [
      {
        "x": 19,
        "y": 14
      }
    ],
    "TEXT_WALL": [
      {
        "x": 11,
        "y": 14
      }
    ],
    "WIN": [
      {
        "x": 21,
        "y": 6
      }
    ],
    "YOU": [
      {
        "x": 13,
        "y": 6
      }
    ]
  }
}